### fake-aaa_elflibs file ###
# put version of resulted file
VERSION=14.1
# put build of result file
BUILD=5xinc
#
#### Insert library names after this line. Lines starting with # or blank are ignored.
################################################################################
libacl
libasound
libattr
libblkid
libbz2
libcap
libcap-ng
libcloog
libcom_err
libcrack
libcups
libcupsimage
libcurl
libdb-5.3
libdbus-1
libdevmapper
libdm
libelf
libexpat
libffi
libform
libformw
libfreetype
libfuse
libgcc_s
libgcrypt
libgdbm
libgio-2.0
libgirepository-1.0
libglib-2.0
libgmodule-2.0
libgmp
libgmpxx
libgobject-2.0
libgpg-error
libgpm
libgssglue
libgthread-2.0
libgudev
libhistory
libidn
libjpeg
libkmod
liblber-2.4
libldap-2.4
libltdl
liblzma
libmenu
libmenuw
libmm
libmount
libmp
libmpc
libmpfr
libncurses
libncursesw
libnfsidmap
libpam
libpamc
libpam_misc
libpanel
libpanelw
libpcre
libpcreposix
libpng14
libpopt
libppl
libppl_c
libprocps
libpwl
libpwquality
libreadline
libslang
libss
libstdc++
libsysfs
libtalloc
libtermcap
libtiff
libtirpc
libudev
libusb-0.1
libusb-1.0
libuuid
libvga
libvgagl
libz
