### fake-aaa_elflibs file ###
# put version of resulted file
VERSION=14.1
# put build of result file
BUILD=11xinc
#
#### Insert library names after this line. Lines starting with # or blank are ignored.
################################################################################
libacl
libasound
libattr
libblkid
libbz2
libcap
libcap-ng
libcloog
libcom_err
libcrack
libcups
libcupsimage
libcurl
libdb-5.3
libdbus-1
libdevmapper
libdm
libdw
libelf
libexpat
libffi
libform
libformw
libfreetype
libfuse
libgcc_s
libgcrypt
libgdbm
libgio-2.0
libgirepository-1.0
libglib-2.0
libgmodule-2.0
libgmp
libgmpxx
libgobject-2.0
libgpg-error
libgpm
libgssglue
libgthread-2.0
libgudev
libhistory
libidn
libjpeg
libkmod
liblber-2.4
libldap-2.4
libltdl
liblz4
liblzma
libmenu
libmenuw
libmm
libmount
libmp
libmpc
libmpfr
libncurses.so.5
libncurses.so.6
libncursesw.so.5
libncursesw.so.6
libnfsidmap
libpam
libpamc
libpam_misc
libpanel
libpanelw
libpcre
libpcreposix
libpng14
libpopt
libppl
libppl_c
libprocps
libpwl
libpwquality
libreadline
libseccomp
libslang
libss
libstdc++
libsysfs
libsystemd
libtalloc
libtermcap.so.2
libtinfo
libtiff
libtirpc
libudev
libunistring
libusb-0.1
libusb-1.0
libuuid
libvga
libvgagl
libz
