### fake-aaa_elflibs file ###
# put version of resulted file
VERSION=14.0
# put build of resulted file
BUILD=2xinc
#
#### Now put library names after this line. Lines starting with # or blank are ignored.
################################################################################
libacl
libasound
libattr
libblkid
libbz2
libcap
libcap-ng
libcloog
libcups
libcupsimage
libcurl
libdb-5.2
libdbus-1
libdevmapper
libdm
libelf
libexpat
libffi
libform
libformw
libfreetype
libfuse
libgcc_s
libgdbm
libgio-2.0
libgirepository-1.0
libglib-2.0
libgmodule-2.0
libgmp
libgmpxx
libgobject-2.0
libgpm
libgssglue
libgthread-2.0
libgudev
libhistory
libidn
libjpeg
libkmod
liblber-2.4
libldap-2.4
libltdl
liblzma
libmenu
libmenuw
libmm
libmount
libmp
libmpc
libmpfr
libncurses
libncursesw
libnfsidmap
libpanel
libpanelw
libpcre
libpcreposix
libpng14
libpopt
libppl
libppl_c
libprocps
libpwl
libreadline
libslang
libstdc++
libsysfs
libtalloc
libtermcap
libtiff
libtirpc
libudev
libusb-0.1
libusb-1.0
libuuid
libvga
libvgagl
libz
